// Jest Snapshot v1, https://goo.gl/fbAQLP

exports[`Checkbox should render 1`] = `
<div class="custom-control custom-checkbox">
  <label>
    <input class="custom-control-input" ref="checkbox" type="checkbox">
    <span class="custom-control-indicator"></span>
    <span class="custom-control-description"></span>
  </label>
</div>
`;
